// Jest Snapshot v1, https://goo.gl/fbAQLP

exports[`test.ts format 1`] = `
====================================options=====================================
parsers: ["typescript"]
printWidth: 80
                                                                                | printWidth
=====================================input======================================
(a?.b!).c;
(a?.()!).b;
(a?.b)!.c;
(a?.())!.b;

=====================================output=====================================
(a?.b)!.c;
(a?.())!.b;
(a?.b)!.c;
(a?.())!.b;

================================================================================
`;

exports[`test2.ts format 1`] = `
====================================options=====================================
parsers: ["typescript"]
printWidth: 80
                                                                                | printWidth
=====================================input======================================
{{
    const rotation1 = getTransformHandles(arrow, h.state.zoom, 'mouse')
      .rotation!;
    const rotation2 = getTransformHandles(arrow, h.state.zoom, 'mouse')
      .rotation;
    const rotation3 = getTransformHandles(arrow, h.state.zoom, 'mouse')
      ?.rotation;
}}

=====================================output=====================================
{
  {
    const rotation1 = getTransformHandles(
      arrow,
      h.state.zoom,
      "mouse",
    ).rotation!;
    const rotation2 = getTransformHandles(
      arrow,
      h.state.zoom,
      "mouse",
    ).rotation;
    const rotation3 = getTransformHandles(
      arrow,
      h.state.zoom,
      "mouse",
    )?.rotation;
  }
}

================================================================================
`;
