// Jest Snapshot v1, https://goo.gl/fbAQLP

exports[`snippet: #0 [babel] format 1`] = `
"Unexpected token. (1:8)
> 1 | export type Foo = number;
    |        ^"
`;
